
AKSHAY ROCKSTAR@DESKTOP-0JI8S8N MINGW64 ~
$ cd d:

AKSHAY ROCKSTAR@DESKTOP-0JI8S8N MINGW64 /d
$ cd FRONTEND\ TECHNOLOGY/

AKSHAY ROCKSTAR@DESKTOP-0JI8S8N MINGW64 /d/FRONTEND TECHNOLOGY
$ cd New\ folder/

AKSHAY ROCKSTAR@DESKTOP-0JI8S8N MINGW64 /d/FRONTEND TECHNOLOGY/New folder
$ ls
a1.html  a2.html  p1.html  p2.html  p3.html

AKSHAY ROCKSTAR@DESKTOP-0JI8S8N MINGW64 /d/FRONTEND TECHNOLOGY/New folder
$ cd ..

AKSHAY ROCKSTAR@DESKTOP-0JI8S8N MINGW64 /d/FRONTEND TECHNOLOGY
$ cd HTML

AKSHAY ROCKSTAR@DESKTOP-0JI8S8N MINGW64 /d/FRONTEND TECHNOLOGY/HTML
$ git init
Initialized empty Git repository in D:/FRONTEND TECHNOLOGY/HTML/.git/

AKSHAY ROCKSTAR@DESKTOP-0JI8S8N MINGW64 /d/FRONTEND TECHNOLOGY/HTML (master)
$ git branch -M main

AKSHAY ROCKSTAR@DESKTOP-0JI8S8N MINGW64 /d/FRONTEND TECHNOLOGY/HTML (main)
$ git add remote -u origin https://github.com/AkshaySharma777/HTML.git
fatal: pathspec 'remote' did not match any files

AKSHAY ROCKSTAR@DESKTOP-0JI8S8N MINGW64 /d/FRONTEND TECHNOLOGY/HTML (main)
$ git remote add origin https://github.com/AkshaySharma777/HTML.git

AKSHAY ROCKSTAR@DESKTOP-0JI8S8N MINGW64 /d/FRONTEND TECHNOLOGY/HTML (main)
$ git push -u origin main
error: src refspec main does not match any
error: failed to push some refs to 'https://github.com/AkshaySharma777/HTML.git'

AKSHAY ROCKSTAR@DESKTOP-0JI8S8N MINGW64 /d/FRONTEND TECHNOLOGY/HTML (main)
$ git add .

AKSHAY ROCKSTAR@DESKTOP-0JI8S8N MINGW64 /d/FRONTEND TECHNOLOGY/HTML (main)
$ git commit -m
error: switch `m' requires a value

AKSHAY ROCKSTAR@DESKTOP-0JI8S8N MINGW64 /d/FRONTEND TECHNOLOGY/HTML (main)
$ git commit -m "Uploaded"
[main (root-commit) 46dfbc3] Uploaded
 5 files changed, 205 insertions(+)
 create mode 100644 a1.html
 create mode 100644 a2.html
 create mode 100644 p1.html
 create mode 100644 p2.html
 create mode 100644 p3.html

AKSHAY ROCKSTAR@DESKTOP-0JI8S8N MINGW64 /d/FRONTEND TECHNOLOGY/HTML (main)
$ git status
On branch main
nothing to commit, working tree clean

AKSHAY ROCKSTAR@DESKTOP-0JI8S8N MINGW64 /d/FRONTEND TECHNOLOGY/HTML (main)
$ git push -u origin main
To https://github.com/AkshaySharma777/HTML.git
 ! [rejected]        main -> main (fetch first)
error: failed to push some refs to 'https://github.com/AkshaySharma777/HTML.git'
hint: Updates were rejected because the remote contains work that you do
hint: not have locally. This is usually caused by another repository pushing
hint: to the same ref. You may want to first integrate the remote changes
hint: (e.g., 'git pull ...') before pushing again.
hint: See the 'Note about fast-forwards' in 'git push --help' for details.

AKSHAY ROCKSTAR@DESKTOP-0JI8S8N MINGW64 /d/FRONTEND TECHNOLOGY/HTML (main)
$ git add p4.html

AKSHAY ROCKSTAR@DESKTOP-0JI8S8N MINGW64 /d/FRONTEND TECHNOLOGY/HTML (main)
$ git commit -m "Updated"
[main 732b2b2] Updated
 1 file changed, 135 insertions(+)
 create mode 100644 p4.html

AKSHAY ROCKSTAR@DESKTOP-0JI8S8N MINGW64 /d/FRONTEND TECHNOLOGY/HTML (main)
$ git status
On branch main
nothing to commit, working tree clean

AKSHAY ROCKSTAR@DESKTOP-0JI8S8N MINGW64 /d/FRONTEND TECHNOLOGY/HTML (main)
$ git push -u origin main
To https://github.com/AkshaySharma777/HTML.git
 ! [rejected]        main -> main (fetch first)
error: failed to push some refs to 'https://github.com/AkshaySharma777/HTML.git'
hint: Updates were rejected because the remote contains work that you do
hint: not have locally. This is usually caused by another repository pushing
hint: to the same ref. You may want to first integrate the remote changes
hint: (e.g., 'git pull ...') before pushing again.
hint: See the 'Note about fast-forwards' in 'git push --help' for details.

AKSHAY ROCKSTAR@DESKTOP-0JI8S8N MINGW64 /d/FRONTEND TECHNOLOGY/HTML (main)
$ git push origin main
To https://github.com/AkshaySharma777/HTML.git
 ! [rejected]        main -> main (fetch first)
error: failed to push some refs to 'https://github.com/AkshaySharma777/HTML.git'
hint: Updates were rejected because the remote contains work that you do
hint: not have locally. This is usually caused by another repository pushing
hint: to the same ref. You may want to first integrate the remote changes
hint: (e.g., 'git pull ...') before pushing again.
hint: See the 'Note about fast-forwards' in 'git push --help' for details.

AKSHAY ROCKSTAR@DESKTOP-0JI8S8N MINGW64 /d/FRONTEND TECHNOLOGY/HTML (main)
$ git remote -v
origin  https://github.com/AkshaySharma777/HTML.git (fetch)
origin  https://github.com/AkshaySharma777/HTML.git (push)

AKSHAY ROCKSTAR@DESKTOP-0JI8S8N MINGW64 /d/FRONTEND TECHNOLOGY/HTML (main)
$ git pull --rebase origin main
remote: Enumerating objects: 9, done.
remote: Counting objects: 100% (9/9), done.
remote: Compressing objects: 100% (9/9), done.
remote: Total 9 (delta 1), reused 0 (delta 0), pack-reused 0
Unpacking objects: 100% (9/9), 7.68 KiB | 124.00 KiB/s, done.
From https://github.com/AkshaySharma777/HTML
 * branch            main       -> FETCH_HEAD
 * [new branch]      main       -> origin/main
Auto-merging a1.html
CONFLICT (add/add): Merge conflict in a1.html
Auto-merging a2.html
CONFLICT (add/add): Merge conflict in a2.html
Auto-merging p1.html
CONFLICT (add/add): Merge conflict in p1.html
Auto-merging p2.html
CONFLICT (add/add): Merge conflict in p2.html
Auto-merging p3.html
CONFLICT (add/add): Merge conflict in p3.html
error: could not apply 46dfbc3... Uploaded
hint: Resolve all conflicts manually, mark them as resolved with
hint: "git add/rm <conflicted_files>", then run "git rebase --continue".
hint: You can instead skip this commit: run "git rebase --skip".
hint: To abort and get back to the state before "git rebase", run "git rebase --abort".
Could not apply 46dfbc3... Uploaded

AKSHAY ROCKSTAR@DESKTOP-0JI8S8N MINGW64 /d/FRONTEND TECHNOLOGY/HTML (main|REBASE 1/2)
$ git push origin main
To https://github.com/AkshaySharma777/HTML.git
 ! [rejected]        main -> main (non-fast-forward)
error: failed to push some refs to 'https://github.com/AkshaySharma777/HTML.git'
hint: Updates were rejected because a pushed branch tip is behind its remote
hint: counterpart. Check out this branch and integrate the remote changes
hint: (e.g. 'git pull ...') before pushing again.
hint: See the 'Note about fast-forwards' in 'git push --help' for details.

AKSHAY ROCKSTAR@DESKTOP-0JI8S8N MINGW64 /d/FRONTEND TECHNOLOGY/HTML (main|REBASE 1/2)
$ git config --global push.autoSetupRemote true

AKSHAY ROCKSTAR@DESKTOP-0JI8S8N MINGW64 /d/FRONTEND TECHNOLOGY/HTML (main|REBASE 1/2)
$ git push
fatal: You are not currently on a branch.
To push the history leading to the current (detached HEAD)
state now, use

    git push origin HEAD:<name-of-remote-branch>


AKSHAY ROCKSTAR@DESKTOP-0JI8S8N MINGW64 /d/FRONTEND TECHNOLOGY/HTML (main|REBASE 1/2)
$ git reset --mixed origin/main
Unstaged changes after reset:
M       a1.html
M       a2.html
M       p1.html
M       p2.html
M       p3.html

AKSHAY ROCKSTAR@DESKTOP-0JI8S8N MINGW64 /d/FRONTEND TECHNOLOGY/HTML (main|REBASE 1/2)
$ git add .

AKSHAY ROCKSTAR@DESKTOP-0JI8S8N MINGW64 /d/FRONTEND TECHNOLOGY/HTML (main|REBASE 1/2)
$ git commit -m "Hello"
[detached HEAD fe31910] Hello
 5 files changed, 215 insertions(+)

AKSHAY ROCKSTAR@DESKTOP-0JI8S8N MINGW64 /d/FRONTEND TECHNOLOGY/HTML (main|REBASE 1/2)
$ git push origin main
To https://github.com/AkshaySharma777/HTML.git
 ! [rejected]        main -> main (non-fast-forward)
error: failed to push some refs to 'https://github.com/AkshaySharma777/HTML.git'
hint: Updates were rejected because a pushed branch tip is behind its remote
hint: counterpart. Check out this branch and integrate the remote changes
hint: (e.g. 'git pull ...') before pushing again.
hint: See the 'Note about fast-forwards' in 'git push --help' for details.

AKSHAY ROCKSTAR@DESKTOP-0JI8S8N MINGW64 /d/FRONTEND TECHNOLOGY/HTML (main|REBASE 1/2)
$ git push -f origin master
error: src refspec master does not match any
error: failed to push some refs to 'https://github.com/AkshaySharma777/HTML.git'

AKSHAY ROCKSTAR@DESKTOP-0JI8S8N MINGW64 /d/FRONTEND TECHNOLOGY/HTML (main|REBASE 1/2)
$ git push -f origin man
error: src refspec man does not match any
error: failed to push some refs to 'https://github.com/AkshaySharma777/HTML.git'

AKSHAY ROCKSTAR@DESKTOP-0JI8S8N MINGW64 /d/FRONTEND TECHNOLOGY/HTML (main|REBASE 1/2)
$ git push -f origin main
Enumerating objects: 9, done.
Counting objects: 100% (9/9), done.
Delta compression using up to 8 threads
Compressing objects: 100% (9/9), done.
Writing objects: 100% (9/9), 6.89 KiB | 6.89 MiB/s, done.
Total 9 (delta 1), reused 0 (delta 0), pack-reused 0
remote: Resolving deltas: 100% (1/1), done.
To https://github.com/AkshaySharma777/HTML.git
 + b98d72b...732b2b2 main -> main (forced update)

AKSHAY ROCKSTAR@DESKTOP-0JI8S8N MINGW64 /d/FRONTEND TECHNOLOGY/HTML (main|REBASE 1/2)
$
